submissions: FAIL in 315410ms - fetch failed
placements: FAIL in 183705ms - fetch failed
bff-submissions: FAIL in 22ms - fetch failed
bff-placements: FAIL in 43ms - fetch failed
bff-reports: FAIL in 38ms - fetch failed
